[2026-05-15 19:24:42] INFO    JWT secrets validated
[2026-05-15 19:24:42] ERROR   Failed to connect to MongoDB: bad auth : authentication failed
MongoServerError: bad auth : authentication failed
    at Connection.onMessage (/home/yanis/Documents/effetmer_bjj/server/node_modules/mongodb/lib/cmap/connection.js:202:26)
    at MessageStream.<anonymous> (/home/yanis/Documents/effetmer_bjj/server/node_modules/mongodb/lib/cmap/connection.js:61:60)
    at MessageStream.emit (node:events:518:28)
    at processIncomingData (/home/yanis/Documents/effetmer_bjj/server/node_modules/mongodb/lib/cmap/message_stream.js:124:16)
    at MessageStream._write (/home/yanis/Documents/effetmer_bjj/server/node_modules/mongodb/lib/cmap/message_stream.js:33:9)
    at writeOrBuffer (node:internal/streams/writable:572:12)
    at _write (node:internal/streams/writable:501:10)
    at Writable.write (node:internal/streams/writable:510:10)
    at TLSSocket.ondata (node:internal/streams/readable:1009:22)
    at TLSSocket.emit (node:events:518:28)
[2026-05-15 19:26:34] INFO    JWT secrets validated
[2026-05-15 19:26:35] ERROR   Failed to connect to MongoDB: bad auth : authentication failed
MongoServerError: bad auth : authentication failed
    at Connection.onMessage (/home/yanis/Documents/effetmer_bjj/server/node_modules/mongodb/lib/cmap/connection.js:202:26)
    at MessageStream.<anonymous> (/home/yanis/Documents/effetmer_bjj/server/node_modules/mongodb/lib/cmap/connection.js:61:60)
    at MessageStream.emit (node:events:518:28)
    at processIncomingData (/home/yanis/Documents/effetmer_bjj/server/node_modules/mongodb/lib/cmap/message_stream.js:124:16)
    at MessageStream._write (/home/yanis/Documents/effetmer_bjj/server/node_modules/mongodb/lib/cmap/message_stream.js:33:9)
    at writeOrBuffer (node:internal/streams/writable:572:12)
    at _write (node:internal/streams/writable:501:10)
    at Writable.write (node:internal/streams/writable:510:10)
    at TLSSocket.ondata (node:internal/streams/readable:1009:22)
    at TLSSocket.emit (node:events:518:28)
[2026-05-15 19:28:00] INFO    JWT secrets validated
[2026-05-15 19:28:00] ERROR   Failed to connect to MongoDB: bad auth : authentication failed
MongoServerError: bad auth : authentication failed
    at Connection.onMessage (/home/yanis/Documents/effetmer_bjj/server/node_modules/mongodb/lib/cmap/connection.js:202:26)
    at MessageStream.<anonymous> (/home/yanis/Documents/effetmer_bjj/server/node_modules/mongodb/lib/cmap/connection.js:61:60)
    at MessageStream.emit (node:events:518:28)
    at processIncomingData (/home/yanis/Documents/effetmer_bjj/server/node_modules/mongodb/lib/cmap/message_stream.js:124:16)
    at MessageStream._write (/home/yanis/Documents/effetmer_bjj/server/node_modules/mongodb/lib/cmap/message_stream.js:33:9)
    at writeOrBuffer (node:internal/streams/writable:572:12)
    at _write (node:internal/streams/writable:501:10)
    at Writable.write (node:internal/streams/writable:510:10)
    at TLSSocket.ondata (node:internal/streams/readable:1009:22)
    at TLSSocket.emit (node:events:518:28)
[2026-05-15 19:29:47] INFO    JWT secrets validated
[2026-05-15 19:29:47] INFO    ✓ Connected to MongoDB
[2026-05-15 19:29:47] INFO    Database connected
[2026-05-15 19:29:47] INFO    Server running on port 4000
[2026-05-15 19:29:48] INFO    Environment: development
[2026-05-15 19:32:07] WARN    Error [VALIDATION_ERROR]: Validation failed
[2026-05-15 19:32:07] INFO    ::1 - - [15/May/2026:17:32:07 +0000] "POST /api/auth/request-magic-link HTTP/1.1" 400 219 "-" "curl/8.5.0" 288.159 ms
[2026-05-15 19:32:43] INFO    JWT secrets validated
[2026-05-15 19:32:44] INFO    ✓ Connected to MongoDB
[2026-05-15 19:32:44] WARN    Error [VALIDATION_ERROR]: Validation failed
[2026-05-15 19:32:44] INFO    ::1 - - [15/May/2026:17:32:44 +0000] "POST /api/auth/request-magic-link HTTP/1.1" 400 219 "-" "curl/8.5.0" 191.500 ms
[2026-05-15 19:32:44] INFO    SIGTERM received, shutting down gracefully
[2026-05-15 19:32:58] INFO    JWT secrets validated
[2026-05-15 19:32:58] INFO    ✓ Connected to MongoDB
[2026-05-15 19:32:58] INFO    Database connected
[2026-05-15 19:32:58] INFO    Server running on port 4000
[2026-05-15 19:32:58] INFO    Environment: development
[2026-05-15 19:32:59] ERROR   Failed to send magic link email: Email service not initialized
Error: Email service not initialized
    at sendMagicLinkEmail (file:///home/yanis/Documents/effetmer_bjj/server/src/config/email.js:35:13)
    at requestMagicLink (file:///home/yanis/Documents/effetmer_bjj/server/src/services/authService.js:34:9)
    at process.processTicksAndRejections (node:internal/process/task_queues:105:5)
    at async postRequestMagicLink (file:///home/yanis/Documents/effetmer_bjj/server/src/controllers/authController.js:12:20)
[2026-05-15 19:32:59] ERROR   Error [INTERNAL_ERROR]: Email service not initialized Email service not initialized
Error: Email service not initialized
    at sendMagicLinkEmail (file:///home/yanis/Documents/effetmer_bjj/server/src/config/email.js:35:13)
    at requestMagicLink (file:///home/yanis/Documents/effetmer_bjj/server/src/services/authService.js:34:9)
    at process.processTicksAndRejections (node:internal/process/task_queues:105:5)
    at async postRequestMagicLink (file:///home/yanis/Documents/effetmer_bjj/server/src/controllers/authController.js:12:20)
[2026-05-15 19:32:59] INFO    ::1 - - [15/May/2026:17:32:59 +0000] "POST /api/auth/request-magic-link HTTP/1.1" 500 137 "-" "curl/8.5.0" 264.391 ms
[2026-05-15 19:33:35] INFO    SIGTERM received, shutting down gracefully
[2026-05-15 19:33:36] INFO    JWT secrets validated
[2026-05-15 19:33:36] INFO    ✓ Connected to MongoDB
[2026-05-15 19:33:36] INFO    Database connected
[2026-05-15 19:33:36] INFO    ✓ Email service initialized (Resend)
[2026-05-15 19:33:36] INFO    Server running on port 4000
[2026-05-15 19:33:36] INFO    Environment: development
[2026-05-15 19:33:37] INFO    ✓ Magic link email sent to ton.email@example.com
[2026-05-15 19:33:37] INFO    Magic link requested for ton.email@example.com
[2026-05-15 19:33:37] INFO    ::1 - - [15/May/2026:17:33:37 +0000] "POST /api/auth/request-magic-link HTTP/1.1" 200 110 "-" "curl/8.5.0" 505.567 ms
[2026-05-15 19:33:48] INFO    ✓ Magic link email sent to ton.email@example.com
[2026-05-15 19:33:48] INFO    Magic link requested for ton.email@example.com
[2026-05-15 19:33:48] INFO    ::1 - - [15/May/2026:17:33:48 +0000] "POST /api/auth/request-magic-link HTTP/1.1" 200 110 "-" "curl/8.5.0" 333.691 ms
[2026-05-15 20:11:27] INFO    JWT secrets validated
[2026-05-15 20:11:27] INFO    ✓ Connected to MongoDB
[2026-05-15 20:11:27] INFO    Database connected
[2026-05-15 20:11:27] INFO    ✓ Email service initialized (Resend)
[2026-05-15 20:11:27] INFO    Server running on port 4000
[2026-05-15 20:11:27] INFO    Environment: development
